[ 50%] Building CXX object CMakeFiles/simplagent.dir/simplagent.cpp.o
[100%] Linking CXX executable simplagent
[100%] Built target simplagent
